Archive member included to satisfy reference by file (symbol)

d:/appcache/armchain/10 2021.10/bin/../lib/gcc/arm-none-eabi/10.3.1/../../../../arm-none-eabi/lib/thumb/v7e-m+fp/hard\libc_nano.a(lib_a-exit.o)
                              d:/appcache/armchain/10 2021.10/bin/../lib/gcc/arm-none-eabi/10.3.1/../../../../arm-none-eabi/lib/thumb/v7e-m+fp/hard/crt0.o (exit)
d:/appcache/armchain/10 2021.10/bin/../lib/gcc/arm-none-eabi/10.3.1/../../../../arm-none-eabi/lib/thumb/v7e-m+fp/hard\libc_nano.a(lib_a-impure.o)
                              d:/appcache/armchain/10 2021.10/bin/../lib/gcc/arm-none-eabi/10.3.1/../../../../arm-none-eabi/lib/thumb/v7e-m+fp/hard\libc_nano.a(lib_a-exit.o) (_global_impure_ptr)
d:/appcache/armchain/10 2021.10/bin/../lib/gcc/arm-none-eabi/10.3.1/../../../../arm-none-eabi/lib/thumb/v7e-m+fp/hard\libc_nano.a(lib_a-init.o)
                              d:/appcache/armchain/10 2021.10/bin/../lib/gcc/arm-none-eabi/10.3.1/../../../../arm-none-eabi/lib/thumb/v7e-m+fp/hard/crt0.o (__libc_init_array)
d:/appcache/armchain/10 2021.10/bin/../lib/gcc/arm-none-eabi/10.3.1/../../../../arm-none-eabi/lib/thumb/v7e-m+fp/hard\libc_nano.a(lib_a-memset.o)
                              d:/appcache/armchain/10 2021.10/bin/../lib/gcc/arm-none-eabi/10.3.1/../../../../arm-none-eabi/lib/thumb/v7e-m+fp/hard/crt0.o (memset)
d:/appcache/armchain/10 2021.10/bin/../lib/gcc/arm-none-eabi/10.3.1/../../../../arm-none-eabi/lib/thumb/v7e-m+fp/hard\libnosys.a(_exit.o)
                              d:/appcache/armchain/10 2021.10/bin/../lib/gcc/arm-none-eabi/10.3.1/../../../../arm-none-eabi/lib/thumb/v7e-m+fp/hard\libc_nano.a(lib_a-exit.o) (_exit)
d:/appcache/armchain/10 2021.10/bin/../lib/gcc/arm-none-eabi/10.3.1/thumb/v7e-m+fp/hard\libgcc.a(_aeabi_uldivmod.o)
                              build/stm32l4xx_hal_uart.o (__aeabi_uldivmod)
d:/appcache/armchain/10 2021.10/bin/../lib/gcc/arm-none-eabi/10.3.1/thumb/v7e-m+fp/hard\libgcc.a(_udivmoddi4.o)
                              d:/appcache/armchain/10 2021.10/bin/../lib/gcc/arm-none-eabi/10.3.1/thumb/v7e-m+fp/hard\libgcc.a(_aeabi_uldivmod.o) (__udivmoddi4)
d:/appcache/armchain/10 2021.10/bin/../lib/gcc/arm-none-eabi/10.3.1/thumb/v7e-m+fp/hard\libgcc.a(_dvmd_tls.o)
                              d:/appcache/armchain/10 2021.10/bin/../lib/gcc/arm-none-eabi/10.3.1/thumb/v7e-m+fp/hard\libgcc.a(_aeabi_uldivmod.o) (__aeabi_ldiv0)

Discarded input sections

 .text          0x00000000        0x0 d:/appcache/armchain/10 2021.10/bin/../lib/gcc/arm-none-eabi/10.3.1/thumb/v7e-m+fp/hard/crti.o
 .data          0x00000000        0x0 d:/appcache/armchain/10 2021.10/bin/../lib/gcc/arm-none-eabi/10.3.1/thumb/v7e-m+fp/hard/crti.o
 .bss           0x00000000        0x0 d:/appcache/armchain/10 2021.10/bin/../lib/gcc/arm-none-eabi/10.3.1/thumb/v7e-m+fp/hard/crti.o
 .data          0x00000000        0x4 d:/appcache/armchain/10 2021.10/bin/../lib/gcc/arm-none-eabi/10.3.1/thumb/v7e-m+fp/hard/crtbegin.o
 .rodata        0x00000000       0x24 d:/appcache/armchain/10 2021.10/bin/../lib/gcc/arm-none-eabi/10.3.1/thumb/v7e-m+fp/hard/crtbegin.o
 .text          0x00000000       0x7c d:/appcache/armchain/10 2021.10/bin/../lib/gcc/arm-none-eabi/10.3.1/../../../../arm-none-eabi/lib/thumb/v7e-m+fp/hard/crt0.o
 .data          0x00000000        0x0 d:/appcache/armchain/10 2021.10/bin/../lib/gcc/arm-none-eabi/10.3.1/../../../../arm-none-eabi/lib/thumb/v7e-m+fp/hard/crt0.o
 .bss           0x00000000        0x0 d:/appcache/armchain/10 2021.10/bin/../lib/gcc/arm-none-eabi/10.3.1/../../../../arm-none-eabi/lib/thumb/v7e-m+fp/hard/crt0.o
 .ARM.extab     0x00000000        0x0 d:/appcache/armchain/10 2021.10/bin/../lib/gcc/arm-none-eabi/10.3.1/../../../../arm-none-eabi/lib/thumb/v7e-m+fp/hard/crt0.o
 .ARM.exidx     0x00000000       0x10 d:/appcache/armchain/10 2021.10/bin/../lib/gcc/arm-none-eabi/10.3.1/../../../../arm-none-eabi/lib/thumb/v7e-m+fp/hard/crt0.o
 .ARM.attributes
                0x00000000       0x1c d:/appcache/armchain/10 2021.10/bin/../lib/gcc/arm-none-eabi/10.3.1/../../../../arm-none-eabi/lib/thumb/v7e-m+fp/hard/crt0.o
 .text          0x00000000        0x0 build/main.o
 .data          0x00000000        0x0 build/main.o
 .bss           0x00000000        0x0 build/main.o
 .text          0x00000000        0x0 build/gpio.o
 .data          0x00000000        0x0 build/gpio.o
 .bss           0x00000000        0x0 build/gpio.o
 .text          0x00000000        0x0 build/usart.o
 .data          0x00000000        0x0 build/usart.o
 .bss           0x00000000        0x0 build/usart.o
 .text.HAL_UART_MspDeInit
                0x00000000       0x2c build/usart.o
 .text          0x00000000        0x0 build/stm32l4xx_it.o
 .data          0x00000000        0x0 build/stm32l4xx_it.o
 .bss           0x00000000        0x0 build/stm32l4xx_it.o
 .text          0x00000000        0x0 build/stm32l4xx_hal_msp.o
 .data          0x00000000        0x0 build/stm32l4xx_hal_msp.o
 .bss           0x00000000        0x0 build/stm32l4xx_hal_msp.o
[...]
Memory Configuration

Name             Origin             Length             Attributes
RAM              0x20000000         0x00018000         xrw
RAM2             0x10000000         0x00008000         xrw
FLASH            0x08000000         0x00040000         xr
*default*        0x00000000         0xffffffff

Linker script and memory map

LOAD d:/appcache/armchain/10 2021.10/bin/../lib/gcc/arm-none-eabi/10.3.1/thumb/v7e-m+fp/hard/crti.o
LOAD d:/appcache/armchain/10 2021.10/bin/../lib/gcc/arm-none-eabi/10.3.1/thumb/v7e-m+fp/hard/crtbegin.o
LOAD d:/appcache/armchain/10 2021.10/bin/../lib/gcc/arm-none-eabi/10.3.1/../../../../arm-none-eabi/lib/thumb/v7e-m+fp/hard/crt0.o
LOAD build/main.o
LOAD build/gpio.o
LOAD build/usart.o
LOAD build/stm32l4xx_it.o
LOAD build/stm32l4xx_hal_msp.o
LOAD build/stm32l4xx_hal_tim.o
LOAD build/stm32l4xx_hal_tim_ex.o
LOAD build/stm32l4xx_hal_uart.o
LOAD build/stm32l4xx_hal_uart_ex.o
LOAD build/stm32l4xx_hal.o
LOAD build/stm32l4xx_hal_i2c.o
LOAD build/stm32l4xx_hal_i2c_ex.o
LOAD build/stm32l4xx_hal_rcc.o
LOAD build/stm32l4xx_hal_rcc_ex.o
LOAD build/stm32l4xx_hal_flash.o
LOAD build/stm32l4xx_hal_flash_ex.o
LOAD build/stm32l4xx_hal_flash_ramfunc.o
LOAD build/stm32l4xx_hal_gpio.o
LOAD build/stm32l4xx_hal_dma.o
LOAD build/stm32l4xx_hal_dma_ex.o
LOAD build/stm32l4xx_hal_pwr.o
LOAD build/stm32l4xx_hal_pwr_ex.o
LOAD build/stm32l4xx_hal_cortex.o
LOAD build/stm32l4xx_hal_exti.o
LOAD build/system_stm32l4xx.o
LOAD build/startup_stm32l476xx.o
LOAD d:/appcache/armchain/10 2021.10/bin/../lib/gcc/arm-none-eabi/10.3.1/../../../../arm-none-eabi/lib/thumb/v7e-m+fp/hard\libc_nano.a
LOAD d:/appcache/armchain/10 2021.10/bin/../lib/gcc/arm-none-eabi/10.3.1/../../../../arm-none-eabi/lib/thumb/v7e-m+fp/hard\libm.a
LOAD d:/appcache/armchain/10 2021.10/bin/../lib/gcc/arm-none-eabi/10.3.1/../../../../arm-none-eabi/lib/thumb/v7e-m+fp/hard\libnosys.a
START GROUP
LOAD d:/appcache/armchain/10 2021.10/bin/../lib/gcc/arm-none-eabi/10.3.1/thumb/v7e-m+fp/hard\libgcc.a
LOAD d:/appcache/armchain/10 2021.10/bin/../lib/gcc/arm-none-eabi/10.3.1/../../../../arm-none-eabi/lib/thumb/v7e-m+fp/hard\libc_nano.a
END GROUP
START GROUP
LOAD d:/appcache/armchain/10 2021.10/bin/../lib/gcc/arm-none-eabi/10.3.1/thumb/v7e-m+fp/hard\libgcc.a
LOAD d:/appcache/armchain/10 2021.10/bin/../lib/gcc/arm-none-eabi/10.3.1/../../../../arm-none-eabi/lib/thumb/v7e-m+fp/hard\libc_nano.a
END GROUP
LOAD d:/appcache/armchain/10 2021.10/bin/../lib/gcc/arm-none-eabi/10.3.1/thumb/v7e-m+fp/hard/crtend.o
LOAD d:/appcache/armchain/10 2021.10/bin/../lib/gcc/arm-none-eabi/10.3.1/thumb/v7e-m+fp/hard/crtn.o
                0x20018000                _estack = 0x20018000
                0x00002000                _Min_Heap_Size = 0x2000
                0x00002000                _Min_Stack_Size = 0x2000

.isr_vector     0x08000000      0x188
                0x08000000                . = ALIGN (0x8)
 *(.isr_vector)
 .isr_vector    0x08000000      0x188 build/startup_stm32l476xx.o
                0x08000000                g_pfnVectors
                0x08000188                . = ALIGN (0x8)

.text           0x08000188     0x1fb8
                0x08000188                . = ALIGN (0x8)
 *(.text)
 .text          0x08000188       0x40 d:/appcache/armchain/10 2021.10/bin/../lib/gcc/arm-none-eabi/10.3.1/thumb/v7e-m+fp/hard/crtbegin.o
 .text          0x080001c8       0x30 d:/appcache/armchain/10 2021.10/bin/../lib/gcc/arm-none-eabi/10.3.1/thumb/v7e-m+fp/hard\libgcc.a(_aeabi_uldivmod.o)
                0x080001c8                __aeabi_uldivmod
 .text          0x080001f8      0x2d0 d:/appcache/armchain/10 2021.10/bin/../lib/gcc/arm-none-eabi/10.3.1/thumb/v7e-m+fp/hard\libgcc.a(_udivmoddi4.o)
                0x080001f8                __udivmoddi4
 .text          0x080004c8        0x4 d:/appcache/armchain/10 2021.10/bin/../lib/gcc/arm-none-eabi/10.3.1/thumb/v7e-m+fp/hard\libgcc.a(_dvmd_tls.o)
                0x080004c8                __aeabi_idiv0
                0x080004c8                __aeabi_ldiv0
 *(.text*)
 .text.Error_Handler
                0x080004cc        0x4 build/main.o
                0x080004cc                Error_Handler
 .text.SystemClock_Config
                0x080004d0       0x78 build/main.o
                0x080004d0                SystemClock_Config
 .text.main     0x08000548       0x14 build/main.o
                0x08000548                main
 .text.MX_GPIO_Init
                0x0800055c       0x30 build/gpio.o
                0x0800055c                MX_GPIO_Init
 .text.MX_USART1_UART_Init
                0x0800058c       0x38 build/usart.o
                0x0800058c                MX_USART1_UART_Init
 .text.HAL_UART_MspInit
                0x080005c4       0x88 build/usart.o
                0x080005c4                HAL_UART_MspInit
 .text.NMI_Handler
                0x0800064c        0x2 build/stm32l4xx_it.o
                0x0800064c                NMI_Handler
 .text.HardFault_Handler
                0x0800064e        0x2 build/stm32l4xx_it.o
                0x0800064e                HardFault_Handler
 .text.MemManage_Handler
                0x08000650        0x2 build/stm32l4xx_it.o
                0x08000650                MemManage_Handler
 .text.BusFault_Handler
                0x08000652        0x2 build/stm32l4xx_it.o
                0x08000652                BusFault_Handler
 .text.UsageFault_Handler
                0x08000654        0x2 build/stm32l4xx_it.o
                0x08000654                UsageFault_Handler
 .text.SVC_Handler
                0x08000656        0x2 build/stm32l4xx_it.o
                0x08000656                SVC_Handler
 .text.DebugMon_Handler
                0x08000658        0x2 build/stm32l4xx_it.o
                0x08000658                DebugMon_Handler
 .text.PendSV_Handler
                0x0800065a        0x2 build/stm32l4xx_it.o
                0x0800065a                PendSV_Handler
 .text.SysTick_Handler
                0x0800065c        0x8 build/stm32l4xx_it.o
                0x0800065c                SysTick_Handler
 .text.HAL_MspInit
                0x08000664       0x30 build/stm32l4xx_hal_msp.o
                0x08000664                HAL_MspInit
 .text.UART_SetConfig
                0x08000694      0x328 build/stm32l4xx_hal_uart.o
                0x08000694                UART_SetConfig
 .text.UART_AdvFeatureConfig
                0x080009bc       0xca build/stm32l4xx_hal_uart.o
                0x080009bc                UART_AdvFeatureConfig
 .text.UART_WaitOnFlagUntilTimeout
                0x08000a86       0xd4 build/stm32l4xx_hal_uart.o
                0x08000a86                UART_WaitOnFlagUntilTimeout
 .text.UART_CheckIdleState
                0x08000b5a       0x70 build/stm32l4xx_hal_uart.o
                0x08000b5a                UART_CheckIdleState
 .text.HAL_UART_Init
                0x08000bca       0x62 build/stm32l4xx_hal_uart.o
                0x08000bca                HAL_UART_Init
 .text.HAL_InitTick
                0x08000c2c       0x50 build/stm32l4xx_hal.o
                0x08000c2c                HAL_InitTick
 .text.HAL_Init
                0x08000c7c       0x1e build/stm32l4xx_hal.o
                0x08000c7c                HAL_Init
 *fill*         0x08000c9a        0x2 
 .text.HAL_IncTick
                0x08000c9c       0x18 build/stm32l4xx_hal.o
                0x08000c9c                HAL_IncTick
 .text.HAL_GetTick
                0x08000cb4        0xc build/stm32l4xx_hal.o
                0x08000cb4                HAL_GetTick
 .text.RCC_SetFlashLatencyFromMSIRange
                0x08000cc0       0x90 build/stm32l4xx_hal_rcc.o
 .text.HAL_RCC_GetSysClockFreq
                0x08000d50       0xb4 build/stm32l4xx_hal_rcc.o
                0x08000d50                HAL_RCC_GetSysClockFreq
 .text.HAL_RCC_OscConfig
                0x08000e04      0x61c build/stm32l4xx_hal_rcc.o
                0x08000e04                HAL_RCC_OscConfig
 .text.HAL_RCC_ClockConfig
                0x08001420      0x188 build/stm32l4xx_hal_rcc.o
                0x08001420                HAL_RCC_ClockConfig
 .text.HAL_RCC_GetHCLKFreq
                0x080015a8        0xc build/stm32l4xx_hal_rcc.o
                0x080015a8                HAL_RCC_GetHCLKFreq
 .text.HAL_RCC_GetPCLK1Freq
                0x080015b4       0x24 build/stm32l4xx_hal_rcc.o
                0x080015b4                HAL_RCC_GetPCLK1Freq
 .text.HAL_RCC_GetPCLK2Freq
                0x080015d8       0x24 build/stm32l4xx_hal_rcc.o
                0x080015d8                HAL_RCC_GetPCLK2Freq
 .text.RCCEx_PLLSAI1_Config
                0x080015fc      0x170 build/stm32l4xx_hal_rcc_ex.o
 .text.RCCEx_PLLSAI2_Config
                0x0800176c      0x14c build/stm32l4xx_hal_rcc_ex.o
 .text.HAL_RCCEx_PeriphCLKConfig
                0x080018b8      0x454 build/stm32l4xx_hal_rcc_ex.o
                0x080018b8                HAL_RCCEx_PeriphCLKConfig
 .text.HAL_GPIO_Init
                0x08001d0c      0x200 build/stm32l4xx_hal_gpio.o
                0x08001d0c                HAL_GPIO_Init
 .text.HAL_PWREx_GetVoltageRange
                0x08001f0c       0x10 build/stm32l4xx_hal_pwr_ex.o
                0x08001f0c                HAL_PWREx_GetVoltageRange
 .text.HAL_PWREx_ControlVoltageScaling
                0x08001f1c       0x90 build/stm32l4xx_hal_pwr_ex.o
                0x08001f1c                HAL_PWREx_ControlVoltageScaling
 .text.HAL_NVIC_SetPriorityGrouping
                0x08001fac       0x24 build/stm32l4xx_hal_cortex.o
                0x08001fac                HAL_NVIC_SetPriorityGrouping
 .text.HAL_NVIC_SetPriority
                0x08001fd0       0x70 build/stm32l4xx_hal_cortex.o
                0x08001fd0                HAL_NVIC_SetPriority
 .text.HAL_SYSTICK_Config
                0x08002040       0x28 build/stm32l4xx_hal_cortex.o
                0x08002040                HAL_SYSTICK_Config
 .text.SystemInit
                0x08002068       0x14 build/system_stm32l4xx.o
                0x08002068                SystemInit
 .text.Reset_Handler
                0x0800207c       0x50 build/startup_stm32l476xx.o
                0x0800207c                Reset_Handler
 .text.Default_Handler
                0x080020cc        0x2 build/startup_stm32l476xx.o
                0x080020cc                RTC_Alarm_IRQHandler
                0x080020cc                EXTI2_IRQHandler
                0x080020cc                TIM8_TRG_COM_IRQHandler
                0x080020cc                TIM8_CC_IRQHandler
                0x080020cc                TIM1_CC_IRQHandler
                0x080020cc                TSC_IRQHandler
                0x080020cc                TAMP_STAMP_IRQHandler
                0x080020cc                EXTI3_IRQHandler
                0x080020cc                LPTIM2_IRQHandler
                0x080020cc                DFSDM1_FLT1_IRQHandler
                0x080020cc                I2C3_ER_IRQHandler
                0x080020cc                DFSDM1_FLT2_IRQHandler
                0x080020cc                EXTI0_IRQHandler
                0x080020cc                I2C2_EV_IRQHandler
                0x080020cc                CAN1_RX0_IRQHandler
                0x080020cc                FPU_IRQHandler
                0x080020cc                TIM1_UP_TIM16_IRQHandler
                0x080020cc                ADC1_2_IRQHandler
                0x080020cc                SPI1_IRQHandler
                0x080020cc                TIM6_DAC_IRQHandler
                0x080020cc                TIM8_UP_IRQHandler
                0x080020cc                DMA2_Channel2_IRQHandler
                0x080020cc                DMA1_Channel4_IRQHandler
                0x080020cc                SAI2_IRQHandler
                0x080020cc                DFSDM1_FLT3_IRQHandler
                0x080020cc                USART3_IRQHandler
                0x080020cc                DMA1_Channel7_IRQHandler
                0x080020cc                CAN1_RX1_IRQHandler
                0x080020cc                LCD_IRQHandler
                0x080020cc                UART5_IRQHandler
                0x080020cc                ADC3_IRQHandler
                0x080020cc                TIM4_IRQHandler
                0x080020cc                DMA2_Channel1_IRQHandler
                0x080020cc                QUADSPI_IRQHandler
                0x080020cc                I2C1_EV_IRQHandler
                0x080020cc                DMA1_Channel6_IRQHandler
                0x080020cc                UART4_IRQHandler
                0x080020cc                DMA2_Channel4_IRQHandler
                0x080020cc                TIM3_IRQHandler
                0x080020cc                RCC_IRQHandler
                0x080020cc                DMA1_Channel1_IRQHandler
                0x080020cc                Default_Handler
                0x080020cc                DMA2_Channel7_IRQHandler
                0x080020cc                EXTI15_10_IRQHandler
                0x080020cc                TIM7_IRQHandler
                0x080020cc                SDMMC1_IRQHandler
                0x080020cc                TIM5_IRQHandler
                0x080020cc                I2C3_EV_IRQHandler
                0x080020cc                EXTI9_5_IRQHandler
                0x080020cc                RTC_WKUP_IRQHandler
                0x080020cc                PVD_PVM_IRQHandler
                0x080020cc                SPI2_IRQHandler
                0x080020cc                CAN1_TX_IRQHandler
                0x080020cc                DMA2_Channel5_IRQHandler
                0x080020cc                DMA1_Channel5_IRQHandler
                0x080020cc                EXTI4_IRQHandler
                0x080020cc                RNG_IRQHandler
                0x080020cc                TIM1_TRG_COM_TIM17_IRQHandler
                0x080020cc                DMA1_Channel3_IRQHandler
                0x080020cc                COMP_IRQHandler
                0x080020cc                WWDG_IRQHandler
                0x080020cc                LPUART1_IRQHandler
                0x080020cc                DMA2_Channel6_IRQHandler
                0x080020cc                TIM2_IRQHandler
                0x080020cc                EXTI1_IRQHandler
                0x080020cc                USART2_IRQHandler
                0x080020cc                DFSDM1_FLT0_IRQHandler
                0x080020cc                I2C2_ER_IRQHandler
                0x080020cc                DMA1_Channel2_IRQHandler
                0x080020cc                TIM8_BRK_IRQHandler
                0x080020cc                CAN1_SCE_IRQHandler
                0x080020cc                FLASH_IRQHandler
                0x080020cc                USART1_IRQHandler
                0x080020cc                OTG_FS_IRQHandler
                0x080020cc                SPI3_IRQHandler
                0x080020cc                I2C1_ER_IRQHandler
                0x080020cc                FMC_IRQHandler
                0x080020cc                SWPMI1_IRQHandler
                0x080020cc                LPTIM1_IRQHandler
                0x080020cc                SAI1_IRQHandler
                0x080020cc                DMA2_Channel3_IRQHandler
                0x080020cc                TIM1_BRK_TIM15_IRQHandler
 *fill*         0x080020ce        0x2 
 .text.__libc_init_array
                0x080020d0       0x48 d:/appcache/armchain/10 2021.10/bin/../lib/gcc/arm-none-eabi/10.3.1/../../../../arm-none-eabi/lib/thumb/v7e-m+fp/hard\libc_nano.a(lib_a-init.o)
                0x080020d0                __libc_init_array
 .text.memset   0x08002118       0x10 d:/appcache/armchain/10 2021.10/bin/../lib/gcc/arm-none-eabi/10.3.1/../../../../arm-none-eabi/lib/thumb/v7e-m+fp/hard\libc_nano.a(lib_a-memset.o)
                0x08002118                memset
 *(.glue_7)
 .glue_7        0x08002128        0x0 linker stubs
 *(.glue_7t)
 .glue_7t       0x08002128        0x0 linker stubs
 *(.eh_frame)
 .eh_frame      0x08002128        0x0 d:/appcache/armchain/10 2021.10/bin/../lib/gcc/arm-none-eabi/10.3.1/thumb/v7e-m+fp/hard/crtbegin.o
 *(.init)
 .init          0x08002128        0x4 d:/appcache/armchain/10 2021.10/bin/../lib/gcc/arm-none-eabi/10.3.1/thumb/v7e-m+fp/hard/crti.o
                0x08002128                _init
 .init          0x0800212c        0x8 d:/appcache/armchain/10 2021.10/bin/../lib/gcc/arm-none-eabi/10.3.1/thumb/v7e-m+fp/hard/crtn.o
 *(.fini)
 .fini          0x08002134        0x4 d:/appcache/armchain/10 2021.10/bin/../lib/gcc/arm-none-eabi/10.3.1/thumb/v7e-m+fp/hard/crti.o
                0x08002134                _fini
 .fini          0x08002138        0x8 d:/appcache/armchain/10 2021.10/bin/../lib/gcc/arm-none-eabi/10.3.1/thumb/v7e-m+fp/hard/crtn.o
                0x08002140                . = ALIGN (0x8)
                0x08002140                _etext = .

.vfp11_veneer   0x08002140        0x0
 .vfp11_veneer  0x08002140        0x0 linker stubs

.v4_bx          0x08002140        0x0
 .v4_bx         0x08002140        0x0 linker stubs

.iplt           0x08002140        0x0
 .iplt          0x08002140        0x0 d:/appcache/armchain/10 2021.10/bin/../lib/gcc/arm-none-eabi/10.3.1/thumb/v7e-m+fp/hard/crtbegin.o

.rodata         0x08002140       0x48
                0x08002140                . = ALIGN (0x8)
 *(.rodata)
 *(.rodata*)
 .rodata.AHBPrescTable
                0x08002140       0x10 build/system_stm32l4xx.o
                0x08002140                AHBPrescTable
 .rodata.APBPrescTable
                0x08002150        0x8 build/system_stm32l4xx.o
                0x08002150                APBPrescTable
 .rodata.MSIRangeTable
                0x08002158       0x30 build/system_stm32l4xx.o
                0x08002158                MSIRangeTable
                0x08002188                . = ALIGN (0x8)

.ARM.extab      0x08002188        0x0
                0x08002188                . = ALIGN (0x8)
 *(.ARM.extab* .gnu.linkonce.armextab.*)
                0x08002188                . = ALIGN (0x8)

.ARM            0x08002188        0x8
                0x08002188                . = ALIGN (0x8)
                0x08002188                __exidx_start = .
 *(.ARM.exidx*)
 .ARM.exidx     0x08002188        0x8 d:/appcache/armchain/10 2021.10/bin/../lib/gcc/arm-none-eabi/10.3.1/thumb/v7e-m+fp/hard\libgcc.a(_udivmoddi4.o)
                0x08002190                __exidx_end = .
                0x08002190                . = ALIGN (0x8)

.rel.dyn        0x08002190        0x0
 .rel.iplt      0x08002190        0x0 d:/appcache/armchain/10 2021.10/bin/../lib/gcc/arm-none-eabi/10.3.1/thumb/v7e-m+fp/hard/crtbegin.o

.preinit_array  0x08002190        0x0
                0x08002190                . = ALIGN (0x8)
                0x08002190                PROVIDE (__preinit_array_start = .)
 *(.preinit_array*)
                0x08002190                PROVIDE (__preinit_array_end = .)
                0x08002190                . = ALIGN (0x8)

.init_array     0x08002190        0x8
                0x08002190                . = ALIGN (0x8)
                0x08002190                PROVIDE (__init_array_start = .)
 *(SORT_BY_NAME(.init_array.*))
 *(.init_array*)
 .init_array    0x08002190        0x4 d:/appcache/armchain/10 2021.10/bin/../lib/gcc/arm-none-eabi/10.3.1/thumb/v7e-m+fp/hard/crtbegin.o
                0x08002194                PROVIDE (__init_array_end = .)
                0x08002198                . = ALIGN (0x8)
 *fill*         0x08002194        0x4 

.fini_array     0x08002198        0x8
                0x08002198                . = ALIGN (0x8)
                [!provide]                PROVIDE (__fini_array_start = .)
 *(SORT_BY_NAME(.fini_array.*))
 *(.fini_array*)
 .fini_array    0x08002198        0x4 d:/appcache/armchain/10 2021.10/bin/../lib/gcc/arm-none-eabi/10.3.1/thumb/v7e-m+fp/hard/crtbegin.o
                [!provide]                PROVIDE (__fini_array_end = .)
                0x080021a0                . = ALIGN (0x8)
 *fill*         0x0800219c        0x4 
                0x080021a0                _sidata = LOADADDR (.data)

.data           0x20000000       0x10 load address 0x080021a0
                0x20000000                . = ALIGN (0x8)
                0x20000000                _sdata = .
 *(.data)
 *(.data*)
 .data.uwTickFreq
                0x20000000        0x1 build/stm32l4xx_hal.o
                0x20000000                uwTickFreq
 *fill*         0x20000001        0x3 
 .data.uwTickPrio
                0x20000004        0x4 build/stm32l4xx_hal.o
                0x20000004                uwTickPrio
 .data.SystemCoreClock
                0x20000008        0x4 build/system_stm32l4xx.o
                0x20000008                SystemCoreClock
                0x20000010                . = ALIGN (0x8)
 *fill*         0x2000000c        0x4 
                0x20000010                _edata = .

.igot.plt       0x20000010        0x0 load address 0x080021b0
 .igot.plt      0x20000010        0x0 d:/appcache/armchain/10 2021.10/bin/../lib/gcc/arm-none-eabi/10.3.1/thumb/v7e-m+fp/hard/crtbegin.o
                0x20000010                . = ALIGN (0x4)

.bss            0x20000010       0xa4 load address 0x080021b0
                0x20000010                _sbss = .
                0x20000010                __bss_start__ = _sbss
 *(.bss)
 .bss           0x20000010       0x1c d:/appcache/armchain/10 2021.10/bin/../lib/gcc/arm-none-eabi/10.3.1/thumb/v7e-m+fp/hard/crtbegin.o
 *(.bss*)
 .bss.huart1    0x2000002c       0x84 build/usart.o
                0x2000002c                huart1
 .bss.uwTick    0x200000b0        0x4 build/stm32l4xx_hal.o
                0x200000b0                uwTick
 *(COMMON)
                0x200000b4                . = ALIGN (0x4)
                0x200000b4                _ebss = .
                0x200000b4                __bss_end__ = _ebss

._user_heap_stack
                0x200000b4     0x4004 load address 0x080021b0
                0x200000b8                . = ALIGN (0x8)
 *fill*         0x200000b4        0x4 
                [!provide]                PROVIDE (end = .)
                [!provide]                PROVIDE (_end = .)
                0x200020b8                . = (. + _Min_Heap_Size)
 *fill*         0x200000b8     0x2000 
                0x200040b8                . = (. + _Min_Stack_Size)
 *fill*         0x200020b8     0x2000 
                0x200040b8                . = ALIGN (0x8)

/DISCARD/
 libc.a(*)
 libm.a(*)
 libgcc.a(*)

.ARM.attributes
                0x00000000       0x30
 *(.ARM.attributes)
 .ARM.attributes
                0x00000000       0x1e d:/appcache/armchain/10 2021.10/bin/../lib/gcc/arm-none-eabi/10.3.1/thumb/v7e-m+fp/hard/crti.o
 .ARM.attributes
                0x0000001e       0x34 d:/appcache/armchain/10 2021.10/bin/../lib/gcc/arm-none-eabi/10.3.1/thumb/v7e-m+fp/hard/crtbegin.o
 .ARM.attributes
                0x00000052       0x34 build/main.o
 .ARM.attributes
                0x00000086       0x34 build/gpio.o
 .ARM.attributes
                0x000000ba       0x34 build/usart.o
 .ARM.attributes
                0x000000ee       0x34 build/stm32l4xx_it.o
 .ARM.attributes
                0x00000122       0x34 build/stm32l4xx_hal_msp.o
 .ARM.attributes
                0x00000156       0x34 build/stm32l4xx_hal_uart.o
 .ARM.attributes
                0x0000018a       0x34 build/stm32l4xx_hal.o
 .ARM.attributes
                0x000001be       0x34 build/stm32l4xx_hal_rcc.o
 .ARM.attributes
                0x000001f2       0x34 build/stm32l4xx_hal_rcc_ex.o
 .ARM.attributes
                0x00000226       0x34 build/stm32l4xx_hal_gpio.o
 .ARM.attributes
                0x0000025a       0x34 build/stm32l4xx_hal_pwr_ex.o
 .ARM.attributes
                0x0000028e       0x34 build/stm32l4xx_hal_cortex.o
 .ARM.attributes
                0x000002c2       0x34 build/system_stm32l4xx.o
 .ARM.attributes
                0x000002f6       0x21 build/startup_stm32l476xx.o
 .ARM.attributes
                0x00000317       0x34 d:/appcache/armchain/10 2021.10/bin/../lib/gcc/arm-none-eabi/10.3.1/../../../../arm-none-eabi/lib/thumb/v7e-m+fp/hard\libc_nano.a(lib_a-init.o)
 .ARM.attributes
                0x0000034b       0x34 d:/appcache/armchain/10 2021.10/bin/../lib/gcc/arm-none-eabi/10.3.1/../../../../arm-none-eabi/lib/thumb/v7e-m+fp/hard\libc_nano.a(lib_a-memset.o)
 .ARM.attributes
                0x0000037f       0x1e d:/appcache/armchain/10 2021.10/bin/../lib/gcc/arm-none-eabi/10.3.1/thumb/v7e-m+fp/hard\libgcc.a(_aeabi_uldivmod.o)
 .ARM.attributes
                0x0000039d       0x34 d:/appcache/armchain/10 2021.10/bin/../lib/gcc/arm-none-eabi/10.3.1/thumb/v7e-m+fp/hard\libgcc.a(_udivmoddi4.o)
 .ARM.attributes
                0x000003d1       0x1e d:/appcache/armchain/10 2021.10/bin/../lib/gcc/arm-none-eabi/10.3.1/thumb/v7e-m+fp/hard\libgcc.a(_dvmd_tls.o)
 .ARM.attributes
                0x000003ef       0x1e d:/appcache/armchain/10 2021.10/bin/../lib/gcc/arm-none-eabi/10.3.1/thumb/v7e-m+fp/hard/crtn.o
OUTPUT(build/vstest.elf elf32-littlearm)
LOAD linker stubs
LOAD d:/appcache/armchain/10 2021.10/bin/../lib/gcc/arm-none-eabi/10.3.1/../../../../arm-none-eabi/lib/thumb/v7e-m+fp/hard\libc.a
LOAD d:/appcache/armchain/10 2021.10/bin/../lib/gcc/arm-none-eabi/10.3.1/../../../../arm-none-eabi/lib/thumb/v7e-m+fp/hard\libm.a
LOAD d:/appcache/armchain/10 2021.10/bin/../lib/gcc/arm-none-eabi/10.3.1/thumb/v7e-m+fp/hard\libgcc.a

.debug_info     0x00000000     0xcd4c
 .debug_info    0x00000000      0x3ee build/main.o
 .debug_info    0x000003ee      0x35f build/gpio.o
 .debug_info    0x0000074d      0xf33 build/usart.o
 .debug_info    0x00001680      0x15b build/stm32l4xx_it.o
 .debug_info    0x000017db      0x35f build/stm32l4xx_hal_msp.o
 .debug_info    0x00001b3a     0x53dd build/stm32l4xx_hal_uart.o
 .debug_info    0x00006f17      0xce0 build/stm32l4xx_hal.o
 .debug_info    0x00007bf7     0x108c build/stm32l4xx_hal_rcc.o
 .debug_info    0x00008c83     0x13d5 build/stm32l4xx_hal_rcc_ex.o
 .debug_info    0x0000a058      0x91b build/stm32l4xx_hal_gpio.o
 .debug_info    0x0000a973      0xbcc build/stm32l4xx_hal_pwr_ex.o
 .debug_info    0x0000b53f     0x117a build/stm32l4xx_hal_cortex.o
 .debug_info    0x0000c6b9      0x671 build/system_stm32l4xx.o
 .debug_info    0x0000cd2a       0x22 build/startup_stm32l476xx.o

.debug_abbrev   0x00000000     0x1909
 .debug_abbrev  0x00000000      0x174 build/main.o
 .debug_abbrev  0x00000174       0xc1 build/gpio.o
 .debug_abbrev  0x00000235      0x1f0 build/usart.o
 .debug_abbrev  0x00000425       0x81 build/stm32l4xx_it.o
 .debug_abbrev  0x000004a6       0xc1 build/stm32l4xx_hal_msp.o
 .debug_abbrev  0x00000567      0x316 build/stm32l4xx_hal_uart.o
 .debug_abbrev  0x0000087d      0x249 build/stm32l4xx_hal.o
 .debug_abbrev  0x00000ac6      0x28e build/stm32l4xx_hal_rcc.o
 .debug_abbrev  0x00000d54      0x2b0 build/stm32l4xx_hal_rcc_ex.o
 .debug_abbrev  0x00001004      0x222 build/stm32l4xx_hal_gpio.o
 .debug_abbrev  0x00001226      0x234 build/stm32l4xx_hal_pwr_ex.o
 .debug_abbrev  0x0000145a      0x382 build/stm32l4xx_hal_cortex.o
 .debug_abbrev  0x000017dc      0x11b build/system_stm32l4xx.o
 .debug_abbrev  0x000018f7       0x12 build/startup_stm32l476xx.o

.debug_loc      0x00000000     0x96ca
 .debug_loc     0x00000000       0x66 build/main.o
 .debug_loc     0x00000066       0x2c build/gpio.o
 .debug_loc     0x00000092       0xea build/usart.o
 .debug_loc     0x0000017c       0x20 build/stm32l4xx_it.o
 .debug_loc     0x0000019c       0x2c build/stm32l4xx_hal_msp.o
 .debug_loc     0x000001c8     0x52ef build/stm32l4xx_hal_uart.o
 .debug_loc     0x000054b7      0x2af build/stm32l4xx_hal.o
 .debug_loc     0x00005766      0x9ac build/stm32l4xx_hal_rcc.o
 .debug_loc     0x00006112     0x1cf1 build/stm32l4xx_hal_rcc_ex.o
 .debug_loc     0x00007e03      0x496 build/stm32l4xx_hal_gpio.o
 .debug_loc     0x00008299      0xb66 build/stm32l4xx_hal_pwr_ex.o
 .debug_loc     0x00008dff      0x7a4 build/stm32l4xx_hal_cortex.o
 .debug_loc     0x000095a3      0x127 build/system_stm32l4xx.o

.debug_aranges  0x00000000      0x858
 .debug_aranges
                0x00000000       0x30 build/main.o
 .debug_aranges
                0x00000030       0x20 build/gpio.o
 .debug_aranges
                0x00000050       0x30 build/usart.o
 .debug_aranges
                0x00000080       0x60 build/stm32l4xx_it.o
 .debug_aranges
                0x000000e0       0x20 build/stm32l4xx_hal_msp.o
 .debug_aranges
                0x00000100      0x228 build/stm32l4xx_hal_uart.o
 .debug_aranges
                0x00000328      0x130 build/stm32l4xx_hal.o
 .debug_aranges
                0x00000458       0x90 build/stm32l4xx_hal_rcc.o
 .debug_aranges
                0x000004e8       0xc0 build/stm32l4xx_hal_rcc_ex.o
 .debug_aranges
                0x000005a8       0x58 build/stm32l4xx_hal_gpio.o
 .debug_aranges
                0x00000600      0x160 build/stm32l4xx_hal_pwr_ex.o
 .debug_aranges
                0x00000760       0xa8 build/stm32l4xx_hal_cortex.o
 .debug_aranges
                0x00000808       0x28 build/system_stm32l4xx.o
 .debug_aranges
                0x00000830       0x28 build/startup_stm32l476xx.o

.debug_ranges   0x00000000      0x828
 .debug_ranges  0x00000000       0x20 build/main.o
 .debug_ranges  0x00000020       0x10 build/gpio.o
 .debug_ranges  0x00000030       0x20 build/usart.o
 .debug_ranges  0x00000050       0x50 build/stm32l4xx_it.o
 .debug_ranges  0x000000a0       0x10 build/stm32l4xx_hal_msp.o
 .debug_ranges  0x000000b0      0x230 build/stm32l4xx_hal_uart.o
 .debug_ranges  0x000002e0      0x120 build/stm32l4xx_hal.o
 .debug_ranges  0x00000400       0x98 build/stm32l4xx_hal_rcc.o
 .debug_ranges  0x00000498       0xc8 build/stm32l4xx_hal_rcc_ex.o
 .debug_ranges  0x00000560       0x48 build/stm32l4xx_hal_gpio.o
 .debug_ranges  0x000005a8      0x150 build/stm32l4xx_hal_pwr_ex.o
 .debug_ranges  0x000006f8       0xf8 build/stm32l4xx_hal_cortex.o
 .debug_ranges  0x000007f0       0x18 build/system_stm32l4xx.o
 .debug_ranges  0x00000808       0x20 build/startup_stm32l476xx.o

.debug_line     0x00000000     0xa171
 .debug_line    0x00000000      0x2b4 build/main.o
 .debug_line    0x000002b4      0x127 build/gpio.o
 .debug_line    0x000003db      0x300 build/usart.o
 .debug_line    0x000006db      0x177 build/stm32l4xx_it.o
 .debug_line    0x00000852      0x134 build/stm32l4xx_hal_msp.o
 .debug_line    0x00000986     0x523f build/stm32l4xx_hal_uart.o
 .debug_line    0x00005bc5      0x66c build/stm32l4xx_hal.o
 .debug_line    0x00006231      0xeca build/stm32l4xx_hal_rcc.o
 .debug_line    0x000070fb     0x14fd build/stm32l4xx_hal_rcc_ex.o
 .debug_line    0x000085f8      0x6a0 build/stm32l4xx_hal_gpio.o
 .debug_line    0x00008c98      0xab0 build/stm32l4xx_hal_pwr_ex.o
 .debug_line    0x00009748      0x747 build/stm32l4xx_hal_cortex.o
 .debug_line    0x00009e8f      0x26c build/system_stm32l4xx.o
 .debug_line    0x0000a0fb       0x76 build/startup_stm32l476xx.o

.debug_str      0x00000000     0x2fa4
 .debug_str     0x00000000      0x35c build/main.o
                                0x3a0 (size before relaxing)
 .debug_str     0x0000035c      0x15b build/gpio.o
                                0x2d2 (size before relaxing)
 .debug_str     0x000004b7      0x730 build/usart.o
                                0xaa9 (size before relaxing)
 .debug_str     0x00000be7       0xb4 build/stm32l4xx_it.o
                                0x205 (size before relaxing)
 .debug_str     0x00000c9b       0x29 build/stm32l4xx_hal_msp.o
                                0x2de (size before relaxing)
 .debug_str     0x00000cc4      0x87e build/stm32l4xx_hal_uart.o
                                0xfc2 (size before relaxing)
 .debug_str     0x00001542      0x977 build/stm32l4xx_hal.o
                                0xcc4 (size before relaxing)
 .debug_str     0x00001eb9      0x2ca build/stm32l4xx_hal_rcc.o
                                0x872 (size before relaxing)
 .debug_str     0x00002183      0x33b build/stm32l4xx_hal_rcc_ex.o
                                0xa91 (size before relaxing)
 .debug_str     0x000024be      0x103 build/stm32l4xx_hal_gpio.o
                                0x516 (size before relaxing)
 .debug_str     0x000025c1      0x537 build/stm32l4xx_hal_pwr_ex.o
                                0x825 (size before relaxing)
 .debug_str     0x00002af8      0x44b build/stm32l4xx_hal_cortex.o
                                0xbf6 (size before relaxing)
 .debug_str     0x00002f43       0x3d build/system_stm32l4xx.o
                                0x3af (size before relaxing)
 .debug_str     0x00002f80       0x24 build/startup_stm32l476xx.o
                                 0x40 (size before relaxing)

.comment        0x00000000       0x49
 .comment       0x00000000       0x49 build/main.o
                                 0x4a (size before relaxing)
 .comment       0x00000049       0x4a build/gpio.o
 .comment       0x00000049       0x4a build/usart.o
 .comment       0x00000049       0x4a build/stm32l4xx_it.o
 .comment       0x00000049       0x4a build/stm32l4xx_hal_msp.o
 .comment       0x00000049       0x4a build/stm32l4xx_hal_uart.o
 .comment       0x00000049       0x4a build/stm32l4xx_hal.o
 .comment       0x00000049       0x4a build/stm32l4xx_hal_rcc.o
 .comment       0x00000049       0x4a build/stm32l4xx_hal_rcc_ex.o
 .comment       0x00000049       0x4a build/stm32l4xx_hal_gpio.o
 .comment       0x00000049       0x4a build/stm32l4xx_hal_pwr_ex.o
 .comment       0x00000049       0x4a build/stm32l4xx_hal_cortex.o
 .comment       0x00000049       0x4a build/system_stm32l4xx.o

.debug_frame    0x00000000     0x1374
 .debug_frame   0x00000000       0x58 build/main.o
 .debug_frame   0x00000058       0x28 build/gpio.o
 .debug_frame   0x00000080       0x64 build/usart.o
 .debug_frame   0x000000e4       0xa8 build/stm32l4xx_it.o
 .debug_frame   0x0000018c       0x28 build/stm32l4xx_hal_msp.o
 .debug_frame   0x000001b4      0x600 build/stm32l4xx_hal_uart.o
 .debug_frame   0x000007b4      0x274 build/stm32l4xx_hal.o
 .debug_frame   0x00000a28      0x19c build/stm32l4xx_hal_rcc.o
 .debug_frame   0x00000bc4      0x204 build/stm32l4xx_hal_rcc_ex.o
 .debug_frame   0x00000dc8       0xd0 build/stm32l4xx_hal_gpio.o
 .debug_frame   0x00000e98      0x2b8 build/stm32l4xx_hal_pwr_ex.o
 .debug_frame   0x00001150      0x148 build/stm32l4xx_hal_cortex.o
 .debug_frame   0x00001298       0x30 build/system_stm32l4xx.o
 .debug_frame   0x000012c8       0x2c d:/appcache/armchain/10 2021.10/bin/../lib/gcc/arm-none-eabi/10.3.1/../../../../arm-none-eabi/lib/thumb/v7e-m+fp/hard\libc_nano.a(lib_a-init.o)
 .debug_frame   0x000012f4       0x20 d:/appcache/armchain/10 2021.10/bin/../lib/gcc/arm-none-eabi/10.3.1/../../../../arm-none-eabi/lib/thumb/v7e-m+fp/hard\libc_nano.a(lib_a-memset.o)
 .debug_frame   0x00001314       0x2c d:/appcache/armchain/10 2021.10/bin/../lib/gcc/arm-none-eabi/10.3.1/thumb/v7e-m+fp/hard\libgcc.a(_aeabi_uldivmod.o)
 .debug_frame   0x00001340       0x34 d:/appcache/armchain/10 2021.10/bin/../lib/gcc/arm-none-eabi/10.3.1/thumb/v7e-m+fp/hard\libgcc.a(_udivmoddi4.o)

Cross Reference Table

Symbol                                            File
ADC1_2_IRQHandler                                 build/startup_stm32l476xx.o
ADC3_IRQHandler                                   build/startup_stm32l476xx.o
AHBPrescTable                                     build/system_stm32l4xx.o
                                                  build/stm32l4xx_hal_rcc.o
APBPrescTable                                     build/system_stm32l4xx.o
                                                  build/stm32l4xx_hal_rcc.o
BusFault_Handler                                  build/stm32l4xx_it.o
CAN1_RX0_IRQHandler                               build/startup_stm32l476xx.o
CAN1_RX1_IRQHandler                               build/startup_stm32l476xx.o
CAN1_SCE_IRQHandler                               build/startup_stm32l476xx.o
CAN1_TX_IRQHandler                                build/startup_stm32l476xx.o
COMP_IRQHandler                                   build/startup_stm32l476xx.o
DFSDM1_FLT0_IRQHandler                            build/startup_stm32l476xx.o
DFSDM1_FLT1_IRQHandler                            build/startup_stm32l476xx.o
DFSDM1_FLT2_IRQHandler                            build/startup_stm32l476xx.o
DFSDM1_FLT3_IRQHandler                            build/startup_stm32l476xx.o
DMA1_Channel1_IRQHandler                          build/startup_stm32l476xx.o
DMA1_Channel2_IRQHandler                          build/startup_stm32l476xx.o
DMA1_Channel3_IRQHandler                          build/startup_stm32l476xx.o
DMA1_Channel4_IRQHandler                          build/startup_stm32l476xx.o
DMA1_Channel5_IRQHandler                          build/startup_stm32l476xx.o
DMA1_Channel6_IRQHandler                          build/startup_stm32l476xx.o
DMA1_Channel7_IRQHandler                          build/startup_stm32l476xx.o
DMA2_Channel1_IRQHandler                          build/startup_stm32l476xx.o
DMA2_Channel2_IRQHandler                          build/startup_stm32l476xx.o
DMA2_Channel3_IRQHandler                          build/startup_stm32l476xx.o
DMA2_Channel4_IRQHandler                          build/startup_stm32l476xx.o
DMA2_Channel5_IRQHandler                          build/startup_stm32l476xx.o
DMA2_Channel6_IRQHandler                          build/startup_stm32l476xx.o
DMA2_Channel7_IRQHandler                          build/startup_stm32l476xx.o
DebugMon_Handler                                  build/stm32l4xx_it.o
Default_Handler                                   build/startup_stm32l476xx.o
EXTI0_IRQHandler                                  build/startup_stm32l476xx.o
EXTI15_10_IRQHandler                              build/startup_stm32l476xx.o
EXTI1_IRQHandler                                  build/startup_stm32l476xx.o
EXTI2_IRQHandler                                  build/startup_stm32l476xx.o
EXTI3_IRQHandler                                  build/startup_stm32l476xx.o
EXTI4_IRQHandler                                  build/startup_stm32l476xx.o
EXTI9_5_IRQHandler                                build/startup_stm32l476xx.o
Error_Handler                                     build/main.o
                                                  build/usart.o
FLASH_FlushCaches                                 build/stm32l4xx_hal_flash_ex.o
                                                  build/stm32l4xx_hal_flash.o
FLASH_IRQHandler                                  build/startup_stm32l476xx.o
FLASH_PageErase                                   build/stm32l4xx_hal_flash_ex.o
                                                  build/stm32l4xx_hal_flash.o
FLASH_WaitForLastOperation                        build/stm32l4xx_hal_flash.o
                                                  build/stm32l4xx_hal_flash_ex.o
FMC_IRQHandler                                    build/startup_stm32l476xx.o
FPU_IRQHandler                                    build/startup_stm32l476xx.o
HAL_DBGMCU_DisableDBGSleepMode                    build/stm32l4xx_hal.o
HAL_DBGMCU_DisableDBGStandbyMode                  build/stm32l4xx_hal.o
HAL_DBGMCU_DisableDBGStopMode                     build/stm32l4xx_hal.o
HAL_DBGMCU_EnableDBGSleepMode                     build/stm32l4xx_hal.o
HAL_DBGMCU_EnableDBGStandbyMode                   build/stm32l4xx_hal.o
HAL_DBGMCU_EnableDBGStopMode                      build/stm32l4xx_hal.o
HAL_DMA_Abort                                     build/stm32l4xx_hal_dma.o
                                                  build/stm32l4xx_hal_uart.o
HAL_DMA_Abort_IT                                  build/stm32l4xx_hal_dma.o
                                                  build/stm32l4xx_hal_i2c.o
                                                  build/stm32l4xx_hal_uart.o
HAL_DMA_DeInit                                    build/stm32l4xx_hal_dma.o
HAL_DMA_GetError                                  build/stm32l4xx_hal_dma.o
                                                  build/stm32l4xx_hal_uart.o
HAL_DMA_GetState                                  build/stm32l4xx_hal_dma.o
                                                  build/stm32l4xx_hal_i2c.o
HAL_DMA_IRQHandler                                build/stm32l4xx_hal_dma.o
HAL_DMA_Init                                      build/stm32l4xx_hal_dma.o
HAL_DMA_PollForTransfer                           build/stm32l4xx_hal_dma.o
HAL_DMA_RegisterCallback                          build/stm32l4xx_hal_dma.o
HAL_DMA_Start                                     build/stm32l4xx_hal_dma.o
HAL_DMA_Start_IT                                  build/stm32l4xx_hal_dma.o
                                                  build/stm32l4xx_hal_i2c.o
                                                  build/stm32l4xx_hal_uart.o
HAL_DMA_UnRegisterCallback                        build/stm32l4xx_hal_dma.o
HAL_DeInit                                        build/stm32l4xx_hal.o
HAL_Delay                                         build/stm32l4xx_hal.o
HAL_EXTI_ClearConfigLine                          build/stm32l4xx_hal_exti.o
HAL_EXTI_ClearPending                             build/stm32l4xx_hal_exti.o
HAL_EXTI_GenerateSWI                              build/stm32l4xx_hal_exti.o
HAL_EXTI_GetConfigLine                            build/stm32l4xx_hal_exti.o
HAL_EXTI_GetHandle                                build/stm32l4xx_hal_exti.o
HAL_EXTI_GetPending                               build/stm32l4xx_hal_exti.o
HAL_EXTI_IRQHandler                               build/stm32l4xx_hal_exti.o
HAL_EXTI_RegisterCallback                         build/stm32l4xx_hal_exti.o
HAL_EXTI_SetConfigLine                            build/stm32l4xx_hal_exti.o
HAL_FLASHEx_DisableRunPowerDown                   build/stm32l4xx_hal_flash_ramfunc.o
HAL_FLASHEx_EnableRunPowerDown                    build/stm32l4xx_hal_flash_ramfunc.o
HAL_FLASHEx_Erase                                 build/stm32l4xx_hal_flash_ex.o
HAL_FLASHEx_Erase_IT                              build/stm32l4xx_hal_flash_ex.o
HAL_FLASHEx_OBGetConfig                           build/stm32l4xx_hal_flash_ex.o
HAL_FLASHEx_OBProgram                             build/stm32l4xx_hal_flash_ex.o
HAL_FLASH_EndOfOperationCallback                  build/stm32l4xx_hal_flash.o
HAL_FLASH_GetError                                build/stm32l4xx_hal_flash.o
HAL_FLASH_IRQHandler                              build/stm32l4xx_hal_flash.o
HAL_FLASH_Lock                                    build/stm32l4xx_hal_flash.o
HAL_FLASH_OB_Launch                               build/stm32l4xx_hal_flash.o
HAL_FLASH_OB_Lock                                 build/stm32l4xx_hal_flash.o
HAL_FLASH_OB_Unlock                               build/stm32l4xx_hal_flash.o
HAL_FLASH_OperationErrorCallback                  build/stm32l4xx_hal_flash.o
HAL_FLASH_Program                                 build/stm32l4xx_hal_flash.o
HAL_FLASH_Program_IT                              build/stm32l4xx_hal_flash.o
HAL_FLASH_Unlock                                  build/stm32l4xx_hal_flash.o
HAL_GPIO_DeInit                                   build/stm32l4xx_hal_gpio.o
                                                  build/usart.o
HAL_GPIO_EXTI_Callback                            build/stm32l4xx_hal_gpio.o
HAL_GPIO_EXTI_IRQHandler                          build/stm32l4xx_hal_gpio.o
HAL_GPIO_Init                                     build/stm32l4xx_hal_gpio.o
                                                  build/stm32l4xx_hal_rcc_ex.o
                                                  build/stm32l4xx_hal_rcc.o
                                                  build/usart.o
HAL_GPIO_LockPin                                  build/stm32l4xx_hal_gpio.o
HAL_GPIO_ReadPin                                  build/stm32l4xx_hal_gpio.o
HAL_GPIO_TogglePin                                build/stm32l4xx_hal_gpio.o
HAL_GPIO_WritePin                                 build/stm32l4xx_hal_gpio.o
HAL_GetDEVID                                      build/stm32l4xx_hal.o
HAL_GetHalVersion                                 build/stm32l4xx_hal.o
HAL_GetREVID                                      build/stm32l4xx_hal.o
HAL_GetTick                                       build/stm32l4xx_hal.o
                                                  build/stm32l4xx_hal_dma.o
                                                  build/stm32l4xx_hal_flash.o
                                                  build/stm32l4xx_hal_rcc_ex.o
                                                  build/stm32l4xx_hal_rcc.o
                                                  build/stm32l4xx_hal_i2c.o
                                                  build/stm32l4xx_hal_uart_ex.o
                                                  build/stm32l4xx_hal_uart.o
HAL_GetTickFreq                                   build/stm32l4xx_hal.o
HAL_GetTickPrio                                   build/stm32l4xx_hal.o
HAL_GetUIDw0                                      build/stm32l4xx_hal.o
HAL_GetUIDw1                                      build/stm32l4xx_hal.o
HAL_GetUIDw2                                      build/stm32l4xx_hal.o
HAL_HalfDuplex_EnableReceiver                     build/stm32l4xx_hal_uart.o
HAL_HalfDuplex_EnableTransmitter                  build/stm32l4xx_hal_uart.o
HAL_HalfDuplex_Init                               build/stm32l4xx_hal_uart.o
HAL_I2CEx_ConfigAnalogFilter                      build/stm32l4xx_hal_i2c_ex.o
HAL_I2CEx_ConfigDigitalFilter                     build/stm32l4xx_hal_i2c_ex.o
HAL_I2CEx_DisableFastModePlus                     build/stm32l4xx_hal_i2c_ex.o
HAL_I2CEx_DisableWakeUp                           build/stm32l4xx_hal_i2c_ex.o
HAL_I2CEx_EnableFastModePlus                      build/stm32l4xx_hal_i2c_ex.o
HAL_I2CEx_EnableWakeUp                            build/stm32l4xx_hal_i2c_ex.o
HAL_I2C_AbortCpltCallback                         build/stm32l4xx_hal_i2c.o
HAL_I2C_AddrCallback                              build/stm32l4xx_hal_i2c.o
HAL_I2C_DeInit                                    build/stm32l4xx_hal_i2c.o
HAL_I2C_DisableListen_IT                          build/stm32l4xx_hal_i2c.o
HAL_I2C_ER_IRQHandler                             build/stm32l4xx_hal_i2c.o
HAL_I2C_EV_IRQHandler                             build/stm32l4xx_hal_i2c.o
HAL_I2C_EnableListen_IT                           build/stm32l4xx_hal_i2c.o
HAL_I2C_ErrorCallback                             build/stm32l4xx_hal_i2c.o
HAL_I2C_GetError                                  build/stm32l4xx_hal_i2c.o
HAL_I2C_GetMode                                   build/stm32l4xx_hal_i2c.o
HAL_I2C_GetState                                  build/stm32l4xx_hal_i2c.o
HAL_I2C_Init                                      build/stm32l4xx_hal_i2c.o
HAL_I2C_IsDeviceReady                             build/stm32l4xx_hal_i2c.o
HAL_I2C_ListenCpltCallback                        build/stm32l4xx_hal_i2c.o
HAL_I2C_MasterRxCpltCallback                      build/stm32l4xx_hal_i2c.o
HAL_I2C_MasterTxCpltCallback                      build/stm32l4xx_hal_i2c.o
HAL_I2C_Master_Abort_IT                           build/stm32l4xx_hal_i2c.o
HAL_I2C_Master_Receive                            build/stm32l4xx_hal_i2c.o
HAL_I2C_Master_Receive_DMA                        build/stm32l4xx_hal_i2c.o
HAL_I2C_Master_Receive_IT                         build/stm32l4xx_hal_i2c.o
HAL_I2C_Master_Seq_Receive_DMA                    build/stm32l4xx_hal_i2c.o
HAL_I2C_Master_Seq_Receive_IT                     build/stm32l4xx_hal_i2c.o
HAL_I2C_Master_Seq_Transmit_DMA                   build/stm32l4xx_hal_i2c.o
HAL_I2C_Master_Seq_Transmit_IT                    build/stm32l4xx_hal_i2c.o
HAL_I2C_Master_Transmit                           build/stm32l4xx_hal_i2c.o
HAL_I2C_Master_Transmit_DMA                       build/stm32l4xx_hal_i2c.o
HAL_I2C_Master_Transmit_IT                        build/stm32l4xx_hal_i2c.o
HAL_I2C_MemRxCpltCallback                         build/stm32l4xx_hal_i2c.o
HAL_I2C_MemTxCpltCallback                         build/stm32l4xx_hal_i2c.o
HAL_I2C_Mem_Read                                  build/stm32l4xx_hal_i2c.o
HAL_I2C_Mem_Read_DMA                              build/stm32l4xx_hal_i2c.o
HAL_I2C_Mem_Read_IT                               build/stm32l4xx_hal_i2c.o
HAL_I2C_Mem_Write                                 build/stm32l4xx_hal_i2c.o
HAL_I2C_Mem_Write_DMA                             build/stm32l4xx_hal_i2c.o
HAL_I2C_Mem_Write_IT                              build/stm32l4xx_hal_i2c.o
HAL_I2C_MspDeInit                                 build/stm32l4xx_hal_i2c.o
HAL_I2C_MspInit                                   build/stm32l4xx_hal_i2c.o
HAL_I2C_SlaveRxCpltCallback                       build/stm32l4xx_hal_i2c.o
HAL_I2C_SlaveTxCpltCallback                       build/stm32l4xx_hal_i2c.o
HAL_I2C_Slave_Receive                             build/stm32l4xx_hal_i2c.o
HAL_I2C_Slave_Receive_DMA                         build/stm32l4xx_hal_i2c.o
HAL_I2C_Slave_Receive_IT                          build/stm32l4xx_hal_i2c.o
HAL_I2C_Slave_Seq_Receive_DMA                     build/stm32l4xx_hal_i2c.o
HAL_I2C_Slave_Seq_Receive_IT                      build/stm32l4xx_hal_i2c.o
HAL_I2C_Slave_Seq_Transmit_DMA                    build/stm32l4xx_hal_i2c.o
HAL_I2C_Slave_Seq_Transmit_IT                     build/stm32l4xx_hal_i2c.o
HAL_I2C_Slave_Transmit                            build/stm32l4xx_hal_i2c.o
HAL_I2C_Slave_Transmit_DMA                        build/stm32l4xx_hal_i2c.o
HAL_I2C_Slave_Transmit_IT                         build/stm32l4xx_hal_i2c.o
HAL_IncTick                                       build/stm32l4xx_hal.o
                                                  build/stm32l4xx_it.o
HAL_Init                                          build/stm32l4xx_hal.o
                                                  build/main.o
HAL_InitTick                                      build/stm32l4xx_hal.o
                                                  build/stm32l4xx_hal_rcc.o
HAL_LIN_Init                                      build/stm32l4xx_hal_uart.o
HAL_LIN_SendBreak                                 build/stm32l4xx_hal_uart.o
HAL_MPU_ConfigRegion                              build/stm32l4xx_hal_cortex.o
HAL_MPU_Disable                                   build/stm32l4xx_hal_cortex.o
HAL_MPU_Enable                                    build/stm32l4xx_hal_cortex.o
HAL_MspDeInit                                     build/stm32l4xx_hal.o
HAL_MspInit                                       build/stm32l4xx_hal_msp.o
HAL_MultiProcessorEx_AddressLength_Set            build/stm32l4xx_hal_uart_ex.o
HAL_MultiProcessor_DisableMuteMode                build/stm32l4xx_hal_uart.o
HAL_MultiProcessor_EnableMuteMode                 build/stm32l4xx_hal_uart.o
HAL_MultiProcessor_EnterMuteMode                  build/stm32l4xx_hal_uart.o
HAL_MultiProcessor_Init                           build/stm32l4xx_hal_uart.o
HAL_NVIC_ClearPendingIRQ                          build/stm32l4xx_hal_cortex.o
HAL_NVIC_DisableIRQ                               build/stm32l4xx_hal_cortex.o
HAL_NVIC_EnableIRQ                                build/stm32l4xx_hal_cortex.o
HAL_NVIC_GetActive                                build/stm32l4xx_hal_cortex.o
HAL_NVIC_GetPendingIRQ                            build/stm32l4xx_hal_cortex.o
HAL_NVIC_GetPriority                              build/stm32l4xx_hal_cortex.o
HAL_NVIC_GetPriorityGrouping                      build/stm32l4xx_hal_cortex.o
HAL_NVIC_SetPendingIRQ                            build/stm32l4xx_hal_cortex.o
HAL_NVIC_SetPriority                              build/stm32l4xx_hal_cortex.o
                                                  build/stm32l4xx_hal.o
HAL_NVIC_SetPriorityGrouping                      build/stm32l4xx_hal_cortex.o
                                                  build/stm32l4xx_hal.o
HAL_NVIC_SystemReset                              build/stm32l4xx_hal_cortex.o
HAL_PWREx_ConfigPVM                               build/stm32l4xx_hal_pwr_ex.o
HAL_PWREx_ControlVoltageScaling                   build/stm32l4xx_hal_pwr_ex.o
                                                  build/main.o
HAL_PWREx_DisableBatteryCharging                  build/stm32l4xx_hal_pwr_ex.o
HAL_PWREx_DisableExtSMPS_0V95                     build/stm32l4xx_hal_pwr_ex.o
HAL_PWREx_DisableGPIOPullDown                     build/stm32l4xx_hal_pwr_ex.o
HAL_PWREx_DisableGPIOPullUp                       build/stm32l4xx_hal_pwr_ex.o
HAL_PWREx_DisableInternalWakeUpLine               build/stm32l4xx_hal_pwr_ex.o
HAL_PWREx_DisableLowPowerRunMode                  build/stm32l4xx_hal_pwr_ex.o
                                                  build/stm32l4xx_hal_pwr.o
HAL_PWREx_DisablePVM1                             build/stm32l4xx_hal_pwr_ex.o
HAL_PWREx_DisablePVM2                             build/stm32l4xx_hal_pwr_ex.o
HAL_PWREx_DisablePVM3                             build/stm32l4xx_hal_pwr_ex.o
HAL_PWREx_DisablePVM4                             build/stm32l4xx_hal_pwr_ex.o
HAL_PWREx_DisablePullUpPullDownConfig             build/stm32l4xx_hal_pwr_ex.o
HAL_PWREx_DisableSRAM2ContentRetention            build/stm32l4xx_hal_pwr_ex.o
HAL_PWREx_DisableVddIO2                           build/stm32l4xx_hal_pwr_ex.o
HAL_PWREx_DisableVddUSB                           build/stm32l4xx_hal_pwr_ex.o
HAL_PWREx_EnableBatteryCharging                   build/stm32l4xx_hal_pwr_ex.o
HAL_PWREx_EnableExtSMPS_0V95                      build/stm32l4xx_hal_pwr_ex.o
HAL_PWREx_EnableGPIOPullDown                      build/stm32l4xx_hal_pwr_ex.o
HAL_PWREx_EnableGPIOPullUp                        build/stm32l4xx_hal_pwr_ex.o
HAL_PWREx_EnableInternalWakeUpLine                build/stm32l4xx_hal_pwr_ex.o
HAL_PWREx_EnableLowPowerRunMode                   build/stm32l4xx_hal_pwr_ex.o
                                                  build/stm32l4xx_hal_pwr.o
HAL_PWREx_EnablePVM1                              build/stm32l4xx_hal_pwr_ex.o
HAL_PWREx_EnablePVM2                              build/stm32l4xx_hal_pwr_ex.o
HAL_PWREx_EnablePVM3                              build/stm32l4xx_hal_pwr_ex.o
HAL_PWREx_EnablePVM4                              build/stm32l4xx_hal_pwr_ex.o
HAL_PWREx_EnablePullUpPullDownConfig              build/stm32l4xx_hal_pwr_ex.o
HAL_PWREx_EnableSRAM2ContentRetention             build/stm32l4xx_hal_pwr_ex.o
HAL_PWREx_EnableVddIO2                            build/stm32l4xx_hal_pwr_ex.o
HAL_PWREx_EnableVddUSB                            build/stm32l4xx_hal_pwr_ex.o
HAL_PWREx_EnterSHUTDOWNMode                       build/stm32l4xx_hal_pwr_ex.o
HAL_PWREx_EnterSTOP0Mode                          build/stm32l4xx_hal_pwr_ex.o
                                                  build/stm32l4xx_hal_pwr.o
HAL_PWREx_EnterSTOP1Mode                          build/stm32l4xx_hal_pwr_ex.o
                                                  build/stm32l4xx_hal_pwr.o
HAL_PWREx_EnterSTOP2Mode                          build/stm32l4xx_hal_pwr_ex.o
HAL_PWREx_GetVoltageRange                         build/stm32l4xx_hal_pwr_ex.o
                                                  build/stm32l4xx_hal_rcc.o
HAL_PWREx_PVD_PVM_IRQHandler                      build/stm32l4xx_hal_pwr_ex.o
HAL_PWREx_PVM1Callback                            build/stm32l4xx_hal_pwr_ex.o
HAL_PWREx_PVM2Callback                            build/stm32l4xx_hal_pwr_ex.o
HAL_PWREx_PVM3Callback                            build/stm32l4xx_hal_pwr_ex.o
HAL_PWREx_PVM4Callback                            build/stm32l4xx_hal_pwr_ex.o
HAL_PWREx_SetSRAM2ContentRetention                build/stm32l4xx_hal_pwr_ex.o
HAL_PWR_ConfigPVD                                 build/stm32l4xx_hal_pwr.o
HAL_PWR_DeInit                                    build/stm32l4xx_hal_pwr.o
HAL_PWR_DisableBkUpAccess                         build/stm32l4xx_hal_pwr.o
                                                  build/stm32l4xx_hal_rcc_ex.o
HAL_PWR_DisablePVD                                build/stm32l4xx_hal_pwr.o
HAL_PWR_DisableSEVOnPend                          build/stm32l4xx_hal_pwr.o
HAL_PWR_DisableSleepOnExit                        build/stm32l4xx_hal_pwr.o
HAL_PWR_DisableWakeUpPin                          build/stm32l4xx_hal_pwr.o
HAL_PWR_EnableBkUpAccess                          build/stm32l4xx_hal_pwr.o
                                                  build/stm32l4xx_hal_rcc_ex.o
HAL_PWR_EnablePVD                                 build/stm32l4xx_hal_pwr.o
HAL_PWR_EnableSEVOnPend                           build/stm32l4xx_hal_pwr.o
HAL_PWR_EnableSleepOnExit                         build/stm32l4xx_hal_pwr.o
HAL_PWR_EnableWakeUpPin                           build/stm32l4xx_hal_pwr.o
HAL_PWR_EnterSLEEPMode                            build/stm32l4xx_hal_pwr.o
HAL_PWR_EnterSTANDBYMode                          build/stm32l4xx_hal_pwr.o
HAL_PWR_EnterSTOPMode                             build/stm32l4xx_hal_pwr.o
HAL_PWR_PVDCallback                               build/stm32l4xx_hal_pwr.o
                                                  build/stm32l4xx_hal_pwr_ex.o
HAL_RCCEx_DisableLSCO                             build/stm32l4xx_hal_rcc_ex.o
HAL_RCCEx_DisableLSECSS                           build/stm32l4xx_hal_rcc_ex.o
HAL_RCCEx_DisableMSIPLLMode                       build/stm32l4xx_hal_rcc_ex.o
HAL_RCCEx_DisablePLLSAI1                          build/stm32l4xx_hal_rcc_ex.o
HAL_RCCEx_DisablePLLSAI2                          build/stm32l4xx_hal_rcc_ex.o
HAL_RCCEx_EnableLSCO                              build/stm32l4xx_hal_rcc_ex.o
HAL_RCCEx_EnableLSECSS                            build/stm32l4xx_hal_rcc_ex.o
HAL_RCCEx_EnableLSECSS_IT                         build/stm32l4xx_hal_rcc_ex.o
HAL_RCCEx_EnableMSIPLLMode                        build/stm32l4xx_hal_rcc_ex.o
HAL_RCCEx_EnablePLLSAI1                           build/stm32l4xx_hal_rcc_ex.o
HAL_RCCEx_EnablePLLSAI2                           build/stm32l4xx_hal_rcc_ex.o
HAL_RCCEx_GetPeriphCLKConfig                      build/stm32l4xx_hal_rcc_ex.o
HAL_RCCEx_GetPeriphCLKFreq                        build/stm32l4xx_hal_rcc_ex.o
HAL_RCCEx_LSECSS_Callback                         build/stm32l4xx_hal_rcc_ex.o
HAL_RCCEx_LSECSS_IRQHandler                       build/stm32l4xx_hal_rcc_ex.o
HAL_RCCEx_PeriphCLKConfig                         build/stm32l4xx_hal_rcc_ex.o
                                                  build/usart.o
HAL_RCCEx_StandbyMSIRangeConfig                   build/stm32l4xx_hal_rcc_ex.o
HAL_RCCEx_WakeUpStopCLKConfig                     build/stm32l4xx_hal_rcc_ex.o
HAL_RCC_CSSCallback                               build/stm32l4xx_hal_rcc.o
HAL_RCC_ClockConfig                               build/stm32l4xx_hal_rcc.o
                                                  build/main.o
HAL_RCC_DeInit                                    build/stm32l4xx_hal_rcc.o
HAL_RCC_EnableCSS                                 build/stm32l4xx_hal_rcc.o
HAL_RCC_GetClockConfig                            build/stm32l4xx_hal_rcc.o
HAL_RCC_GetHCLKFreq                               build/stm32l4xx_hal_rcc.o
HAL_RCC_GetOscConfig                              build/stm32l4xx_hal_rcc.o
HAL_RCC_GetPCLK1Freq                              build/stm32l4xx_hal_rcc.o
                                                  build/stm32l4xx_hal_rcc_ex.o
                                                  build/stm32l4xx_hal_uart.o
HAL_RCC_GetPCLK2Freq                              build/stm32l4xx_hal_rcc.o
                                                  build/stm32l4xx_hal_rcc_ex.o
                                                  build/stm32l4xx_hal_uart.o
HAL_RCC_GetResetSource                            build/stm32l4xx_hal_rcc.o
HAL_RCC_GetSysClockFreq                           build/stm32l4xx_hal_rcc.o
                                                  build/stm32l4xx_hal_rcc_ex.o
                                                  build/stm32l4xx_hal_uart.o
HAL_RCC_MCOConfig                                 build/stm32l4xx_hal_rcc.o
HAL_RCC_NMI_IRQHandler                            build/stm32l4xx_hal_rcc.o
HAL_RCC_OscConfig                                 build/stm32l4xx_hal_rcc.o
                                                  build/main.o
HAL_RS485Ex_Init                                  build/stm32l4xx_hal_uart_ex.o
HAL_ResumeTick                                    build/stm32l4xx_hal.o
HAL_SYSCFG_DisableIOAnalogSwitchBooster           build/stm32l4xx_hal.o
HAL_SYSCFG_DisableMemorySwappingBank              build/stm32l4xx_hal.o
HAL_SYSCFG_DisableVREFBUF                         build/stm32l4xx_hal.o
HAL_SYSCFG_EnableIOAnalogSwitchBooster            build/stm32l4xx_hal.o
HAL_SYSCFG_EnableMemorySwappingBank               build/stm32l4xx_hal.o
HAL_SYSCFG_EnableVREFBUF                          build/stm32l4xx_hal.o
HAL_SYSCFG_SRAM2Erase                             build/stm32l4xx_hal.o
HAL_SYSCFG_VREFBUF_HighImpedanceConfig            build/stm32l4xx_hal.o
HAL_SYSCFG_VREFBUF_TrimmingConfig                 build/stm32l4xx_hal.o
HAL_SYSCFG_VREFBUF_VoltageScalingConfig           build/stm32l4xx_hal.o
HAL_SYSTICK_CLKSourceConfig                       build/stm32l4xx_hal_cortex.o
HAL_SYSTICK_Callback                              build/stm32l4xx_hal_cortex.o
HAL_SYSTICK_Config                                build/stm32l4xx_hal_cortex.o
                                                  build/stm32l4xx_hal.o
HAL_SYSTICK_IRQHandler                            build/stm32l4xx_hal_cortex.o
HAL_SetTickFreq                                   build/stm32l4xx_hal.o
HAL_SuspendTick                                   build/stm32l4xx_hal.o
HAL_UARTEx_DisableClockStopMode                   build/stm32l4xx_hal_uart_ex.o
HAL_UARTEx_DisableStopMode                        build/stm32l4xx_hal_uart_ex.o
HAL_UARTEx_EnableClockStopMode                    build/stm32l4xx_hal_uart_ex.o
HAL_UARTEx_EnableStopMode                         build/stm32l4xx_hal_uart_ex.o
HAL_UARTEx_ReceiveToIdle                          build/stm32l4xx_hal_uart_ex.o
HAL_UARTEx_ReceiveToIdle_DMA                      build/stm32l4xx_hal_uart_ex.o
HAL_UARTEx_ReceiveToIdle_IT                       build/stm32l4xx_hal_uart_ex.o
HAL_UARTEx_RxEventCallback                        build/stm32l4xx_hal_uart.o
HAL_UARTEx_StopModeWakeUpSourceConfig             build/stm32l4xx_hal_uart_ex.o
HAL_UARTEx_WakeupCallback                         build/stm32l4xx_hal_uart_ex.o
                                                  build/stm32l4xx_hal_uart.o
HAL_UART_Abort                                    build/stm32l4xx_hal_uart.o
HAL_UART_AbortCpltCallback                        build/stm32l4xx_hal_uart.o
HAL_UART_AbortReceive                             build/stm32l4xx_hal_uart.o
HAL_UART_AbortReceiveCpltCallback                 build/stm32l4xx_hal_uart.o
HAL_UART_AbortReceive_IT                          build/stm32l4xx_hal_uart.o
HAL_UART_AbortTransmit                            build/stm32l4xx_hal_uart.o
HAL_UART_AbortTransmitCpltCallback                build/stm32l4xx_hal_uart.o
HAL_UART_AbortTransmit_IT                         build/stm32l4xx_hal_uart.o
HAL_UART_Abort_IT                                 build/stm32l4xx_hal_uart.o
HAL_UART_DMAPause                                 build/stm32l4xx_hal_uart.o
HAL_UART_DMAResume                                build/stm32l4xx_hal_uart.o
HAL_UART_DMAStop                                  build/stm32l4xx_hal_uart.o
HAL_UART_DeInit                                   build/stm32l4xx_hal_uart.o
HAL_UART_DisableReceiverTimeout                   build/stm32l4xx_hal_uart.o
HAL_UART_EnableReceiverTimeout                    build/stm32l4xx_hal_uart.o
HAL_UART_ErrorCallback                            build/stm32l4xx_hal_uart.o
HAL_UART_GetError                                 build/stm32l4xx_hal_uart.o
HAL_UART_GetState                                 build/stm32l4xx_hal_uart.o
HAL_UART_IRQHandler                               build/stm32l4xx_hal_uart.o
HAL_UART_Init                                     build/stm32l4xx_hal_uart.o
                                                  build/usart.o
HAL_UART_MspDeInit                                build/usart.o
HAL_UART_MspInit                                  build/usart.o
                                                  build/stm32l4xx_hal_uart_ex.o
HAL_UART_Receive                                  build/stm32l4xx_hal_uart.o
HAL_UART_Receive_DMA                              build/stm32l4xx_hal_uart.o
HAL_UART_Receive_IT                               build/stm32l4xx_hal_uart.o
HAL_UART_ReceiverTimeout_Config                   build/stm32l4xx_hal_uart.o
HAL_UART_RxCpltCallback                           build/stm32l4xx_hal_uart.o
HAL_UART_RxHalfCpltCallback                       build/stm32l4xx_hal_uart.o
HAL_UART_Transmit                                 build/stm32l4xx_hal_uart.o
HAL_UART_Transmit_DMA                             build/stm32l4xx_hal_uart.o
HAL_UART_Transmit_IT                              build/stm32l4xx_hal_uart.o
HAL_UART_TxCpltCallback                           build/stm32l4xx_hal_uart.o
HAL_UART_TxHalfCpltCallback                       build/stm32l4xx_hal_uart.o
HardFault_Handler                                 build/stm32l4xx_it.o
I2C1_ER_IRQHandler                                build/startup_stm32l476xx.o
I2C1_EV_IRQHandler                                build/startup_stm32l476xx.o
I2C2_ER_IRQHandler                                build/startup_stm32l476xx.o
I2C2_EV_IRQHandler                                build/startup_stm32l476xx.o
I2C3_ER_IRQHandler                                build/startup_stm32l476xx.o
I2C3_EV_IRQHandler                                build/startup_stm32l476xx.o
LCD_IRQHandler                                    build/startup_stm32l476xx.o
LPTIM1_IRQHandler                                 build/startup_stm32l476xx.o
LPTIM2_IRQHandler                                 build/startup_stm32l476xx.o
LPUART1_IRQHandler                                build/startup_stm32l476xx.o
MSIRangeTable                                     build/system_stm32l4xx.o
                                                  build/stm32l4xx_hal_rcc_ex.o
                                                  build/stm32l4xx_hal_rcc.o
MX_GPIO_Init                                      build/gpio.o
                                                  build/main.o
MX_USART1_UART_Init                               build/usart.o
                                                  build/main.o
MemManage_Handler                                 build/stm32l4xx_it.o
NMI_Handler                                       build/stm32l4xx_it.o
OTG_FS_IRQHandler                                 build/startup_stm32l476xx.o
PVD_PVM_IRQHandler                                build/startup_stm32l476xx.o
PendSV_Handler                                    build/stm32l4xx_it.o
QUADSPI_IRQHandler                                build/startup_stm32l476xx.o
RCC_IRQHandler                                    build/startup_stm32l476xx.o
RNG_IRQHandler                                    build/startup_stm32l476xx.o
RTC_Alarm_IRQHandler                              build/startup_stm32l476xx.o
RTC_WKUP_IRQHandler                               build/startup_stm32l476xx.o
Reset_Handler                                     build/startup_stm32l476xx.o
SAI1_IRQHandler                                   build/startup_stm32l476xx.o
SAI2_IRQHandler                                   build/startup_stm32l476xx.o
SDMMC1_IRQHandler                                 build/startup_stm32l476xx.o
SPI1_IRQHandler                                   build/startup_stm32l476xx.o
SPI2_IRQHandler                                   build/startup_stm32l476xx.o
SPI3_IRQHandler                                   build/startup_stm32l476xx.o
SVC_Handler                                       build/stm32l4xx_it.o
SWPMI1_IRQHandler                                 build/startup_stm32l476xx.o
SysTick_Handler                                   build/stm32l4xx_it.o
SystemClock_Config                                build/main.o
SystemCoreClock                                   build/system_stm32l4xx.o
                                                  build/stm32l4xx_hal_pwr_ex.o
                                                  build/stm32l4xx_hal_rcc.o
                                                  build/stm32l4xx_hal.o
SystemCoreClockUpdate                             build/system_stm32l4xx.o
SystemInit                                        build/system_stm32l4xx.o
                                                  build/startup_stm32l476xx.o
TAMP_STAMP_IRQHandler                             build/startup_stm32l476xx.o
TIM1_BRK_TIM15_IRQHandler                         build/startup_stm32l476xx.o
TIM1_CC_IRQHandler                                build/startup_stm32l476xx.o
TIM1_TRG_COM_TIM17_IRQHandler                     build/startup_stm32l476xx.o
TIM1_UP_TIM16_IRQHandler                          build/startup_stm32l476xx.o
TIM2_IRQHandler                                   build/startup_stm32l476xx.o
TIM3_IRQHandler                                   build/startup_stm32l476xx.o
TIM4_IRQHandler                                   build/startup_stm32l476xx.o
TIM5_IRQHandler                                   build/startup_stm32l476xx.o
TIM6_DAC_IRQHandler                               build/startup_stm32l476xx.o
TIM7_IRQHandler                                   build/startup_stm32l476xx.o
TIM8_BRK_IRQHandler                               build/startup_stm32l476xx.o
TIM8_CC_IRQHandler                                build/startup_stm32l476xx.o
TIM8_TRG_COM_IRQHandler                           build/startup_stm32l476xx.o
TIM8_UP_IRQHandler                                build/startup_stm32l476xx.o
TSC_IRQHandler                                    build/startup_stm32l476xx.o
UART4_IRQHandler                                  build/startup_stm32l476xx.o
UART5_IRQHandler                                  build/startup_stm32l476xx.o
UART_AdvFeatureConfig                             build/stm32l4xx_hal_uart.o
                                                  build/stm32l4xx_hal_uart_ex.o
UART_CheckIdleState                               build/stm32l4xx_hal_uart.o
                                                  build/stm32l4xx_hal_uart_ex.o
UART_SetConfig                                    build/stm32l4xx_hal_uart.o
                                                  build/stm32l4xx_hal_uart_ex.o
UART_Start_Receive_DMA                            build/stm32l4xx_hal_uart.o
                                                  build/stm32l4xx_hal_uart_ex.o
UART_Start_Receive_IT                             build/stm32l4xx_hal_uart.o
                                                  build/stm32l4xx_hal_uart_ex.o
UART_WaitOnFlagUntilTimeout                       build/stm32l4xx_hal_uart.o
                                                  build/stm32l4xx_hal_uart_ex.o
USART1_IRQHandler                                 build/startup_stm32l476xx.o
USART2_IRQHandler                                 build/startup_stm32l476xx.o
USART3_IRQHandler                                 build/startup_stm32l476xx.o
UsageFault_Handler                                build/stm32l4xx_it.o
WWDG_IRQHandler                                   build/startup_stm32l476xx.o
__aeabi_idiv0                                     d:/appcache/armchain/10 2021.10/bin/../lib/gcc/arm-none-eabi/10.3.1/thumb/v7e-m+fp/hard\libgcc.a(_dvmd_tls.o)
__aeabi_ldiv0                                     d:/appcache/armchain/10 2021.10/bin/../lib/gcc/arm-none-eabi/10.3.1/thumb/v7e-m+fp/hard\libgcc.a(_dvmd_tls.o)
                                                  d:/appcache/armchain/10 2021.10/bin/../lib/gcc/arm-none-eabi/10.3.1/thumb/v7e-m+fp/hard\libgcc.a(_aeabi_uldivmod.o)
__aeabi_uldivmod                                  d:/appcache/armchain/10 2021.10/bin/../lib/gcc/arm-none-eabi/10.3.1/thumb/v7e-m+fp/hard\libgcc.a(_aeabi_uldivmod.o)
                                                  build/stm32l4xx_hal_uart.o
__bss_end__                                       d:/appcache/armchain/10 2021.10/bin/../lib/gcc/arm-none-eabi/10.3.1/../../../../arm-none-eabi/lib/thumb/v7e-m+fp/hard/crt0.o
__bss_start__                                     d:/appcache/armchain/10 2021.10/bin/../lib/gcc/arm-none-eabi/10.3.1/../../../../arm-none-eabi/lib/thumb/v7e-m+fp/hard/crt0.o
__call_exitprocs                                  d:/appcache/armchain/10 2021.10/bin/../lib/gcc/arm-none-eabi/10.3.1/../../../../arm-none-eabi/lib/thumb/v7e-m+fp/hard\libc_nano.a(lib_a-exit.o)
__deregister_frame_info                           d:/appcache/armchain/10 2021.10/bin/../lib/gcc/arm-none-eabi/10.3.1/thumb/v7e-m+fp/hard/crtbegin.o
__dso_handle                                      d:/appcache/armchain/10 2021.10/bin/../lib/gcc/arm-none-eabi/10.3.1/thumb/v7e-m+fp/hard/crtbegin.o
__init_array_end                                  d:/appcache/armchain/10 2021.10/bin/../lib/gcc/arm-none-eabi/10.3.1/../../../../arm-none-eabi/lib/thumb/v7e-m+fp/hard\libc_nano.a(lib_a-init.o)
__init_array_start                                d:/appcache/armchain/10 2021.10/bin/../lib/gcc/arm-none-eabi/10.3.1/../../../../arm-none-eabi/lib/thumb/v7e-m+fp/hard\libc_nano.a(lib_a-init.o)
__libc_fini_array                                 d:/appcache/armchain/10 2021.10/bin/../lib/gcc/arm-none-eabi/10.3.1/../../../../arm-none-eabi/lib/thumb/v7e-m+fp/hard/crt0.o
__libc_init_array                                 d:/appcache/armchain/10 2021.10/bin/../lib/gcc/arm-none-eabi/10.3.1/../../../../arm-none-eabi/lib/thumb/v7e-m+fp/hard\libc_nano.a(lib_a-init.o)
                                                  build/startup_stm32l476xx.o
                                                  d:/appcache/armchain/10 2021.10/bin/../lib/gcc/arm-none-eabi/10.3.1/../../../../arm-none-eabi/lib/thumb/v7e-m+fp/hard/crt0.o
__preinit_array_end                               d:/appcache/armchain/10 2021.10/bin/../lib/gcc/arm-none-eabi/10.3.1/../../../../arm-none-eabi/lib/thumb/v7e-m+fp/hard\libc_nano.a(lib_a-init.o)
__preinit_array_start                             d:/appcache/armchain/10 2021.10/bin/../lib/gcc/arm-none-eabi/10.3.1/../../../../arm-none-eabi/lib/thumb/v7e-m+fp/hard\libc_nano.a(lib_a-init.o)
__register_frame_info                             d:/appcache/armchain/10 2021.10/bin/../lib/gcc/arm-none-eabi/10.3.1/thumb/v7e-m+fp/hard/crtbegin.o
__sf_fake_stderr                                  d:/appcache/armchain/10 2021.10/bin/../lib/gcc/arm-none-eabi/10.3.1/../../../../arm-none-eabi/lib/thumb/v7e-m+fp/hard\libc_nano.a(lib_a-impure.o)
__sf_fake_stdin                                   d:/appcache/armchain/10 2021.10/bin/../lib/gcc/arm-none-eabi/10.3.1/../../../../arm-none-eabi/lib/thumb/v7e-m+fp/hard\libc_nano.a(lib_a-impure.o)
__sf_fake_stdout                                  d:/appcache/armchain/10 2021.10/bin/../lib/gcc/arm-none-eabi/10.3.1/../../../../arm-none-eabi/lib/thumb/v7e-m+fp/hard\libc_nano.a(lib_a-impure.o)
__stack                                           d:/appcache/armchain/10 2021.10/bin/../lib/gcc/arm-none-eabi/10.3.1/../../../../arm-none-eabi/lib/thumb/v7e-m+fp/hard/crt0.o
__udivmoddi4                                      d:/appcache/armchain/10 2021.10/bin/../lib/gcc/arm-none-eabi/10.3.1/thumb/v7e-m+fp/hard\libgcc.a(_udivmoddi4.o)
                                                  d:/appcache/armchain/10 2021.10/bin/../lib/gcc/arm-none-eabi/10.3.1/thumb/v7e-m+fp/hard\libgcc.a(_aeabi_uldivmod.o)
_ebss                                             build/startup_stm32l476xx.o
_edata                                            build/startup_stm32l476xx.o
_estack                                           build/startup_stm32l476xx.o
_exit                                             d:/appcache/armchain/10 2021.10/bin/../lib/gcc/arm-none-eabi/10.3.1/../../../../arm-none-eabi/lib/thumb/v7e-m+fp/hard\libnosys.a(_exit.o)
                                                  d:/appcache/armchain/10 2021.10/bin/../lib/gcc/arm-none-eabi/10.3.1/../../../../arm-none-eabi/lib/thumb/v7e-m+fp/hard\libc_nano.a(lib_a-exit.o)
_fini                                             d:/appcache/armchain/10 2021.10/bin/../lib/gcc/arm-none-eabi/10.3.1/thumb/v7e-m+fp/hard/crti.o
_global_impure_ptr                                d:/appcache/armchain/10 2021.10/bin/../lib/gcc/arm-none-eabi/10.3.1/../../../../arm-none-eabi/lib/thumb/v7e-m+fp/hard\libc_nano.a(lib_a-impure.o)
                                                  d:/appcache/armchain/10 2021.10/bin/../lib/gcc/arm-none-eabi/10.3.1/../../../../arm-none-eabi/lib/thumb/v7e-m+fp/hard\libc_nano.a(lib_a-exit.o)
_impure_ptr                                       d:/appcache/armchain/10 2021.10/bin/../lib/gcc/arm-none-eabi/10.3.1/../../../../arm-none-eabi/lib/thumb/v7e-m+fp/hard\libc_nano.a(lib_a-impure.o)
_init                                             d:/appcache/armchain/10 2021.10/bin/../lib/gcc/arm-none-eabi/10.3.1/thumb/v7e-m+fp/hard/crti.o
                                                  d:/appcache/armchain/10 2021.10/bin/../lib/gcc/arm-none-eabi/10.3.1/../../../../arm-none-eabi/lib/thumb/v7e-m+fp/hard\libc_nano.a(lib_a-init.o)
_mainCRTStartup                                   d:/appcache/armchain/10 2021.10/bin/../lib/gcc/arm-none-eabi/10.3.1/../../../../arm-none-eabi/lib/thumb/v7e-m+fp/hard/crt0.o
_sbss                                             build/startup_stm32l476xx.o
_sdata                                            build/startup_stm32l476xx.o
_sidata                                           build/startup_stm32l476xx.o
_stack_init                                       d:/appcache/armchain/10 2021.10/bin/../lib/gcc/arm-none-eabi/10.3.1/../../../../arm-none-eabi/lib/thumb/v7e-m+fp/hard/crt0.o
_start                                            d:/appcache/armchain/10 2021.10/bin/../lib/gcc/arm-none-eabi/10.3.1/../../../../arm-none-eabi/lib/thumb/v7e-m+fp/hard/crt0.o
atexit                                            d:/appcache/armchain/10 2021.10/bin/../lib/gcc/arm-none-eabi/10.3.1/../../../../arm-none-eabi/lib/thumb/v7e-m+fp/hard/crt0.o
exit                                              d:/appcache/armchain/10 2021.10/bin/../lib/gcc/arm-none-eabi/10.3.1/../../../../arm-none-eabi/lib/thumb/v7e-m+fp/hard\libc_nano.a(lib_a-exit.o)
                                                  d:/appcache/armchain/10 2021.10/bin/../lib/gcc/arm-none-eabi/10.3.1/../../../../arm-none-eabi/lib/thumb/v7e-m+fp/hard/crt0.o
g_pfnVectors                                      build/startup_stm32l476xx.o
hardware_init_hook                                d:/appcache/armchain/10 2021.10/bin/../lib/gcc/arm-none-eabi/10.3.1/../../../../arm-none-eabi/lib/thumb/v7e-m+fp/hard/crt0.o
huart1                                            build/usart.o
main                                              build/main.o
                                                  build/startup_stm32l476xx.o
                                                  d:/appcache/armchain/10 2021.10/bin/../lib/gcc/arm-none-eabi/10.3.1/../../../../arm-none-eabi/lib/thumb/v7e-m+fp/hard/crt0.o
memset                                            d:/appcache/armchain/10 2021.10/bin/../lib/gcc/arm-none-eabi/10.3.1/../../../../arm-none-eabi/lib/thumb/v7e-m+fp/hard\libc_nano.a(lib_a-memset.o)
                                                  build/usart.o
                                                  build/main.o
                                                  d:/appcache/armchain/10 2021.10/bin/../lib/gcc/arm-none-eabi/10.3.1/../../../../arm-none-eabi/lib/thumb/v7e-m+fp/hard/crt0.o
pFlash                                            build/stm32l4xx_hal_flash.o
                                                  build/stm32l4xx_hal_flash_ex.o
software_init_hook                                d:/appcache/armchain/10 2021.10/bin/../lib/gcc/arm-none-eabi/10.3.1/../../../../arm-none-eabi/lib/thumb/v7e-m+fp/hard/crt0.o
uwTick                                            build/stm32l4xx_hal.o
uwTickFreq                                        build/stm32l4xx_hal.o
uwTickPrio                                        build/stm32l4xx_hal.o
                                                  build/stm32l4xx_hal_rcc.o
